
> mathforge-3d@0.1.0 benchmark
> tsx benchmarks/run.ts

{
  "read": {
    "samples": 100,
    "p50_ms": 0.4177940000000717,
    "p95_ms": 0.7654199999999491,
    "min_ms": 0.20849600000008195,
    "max_ms": 1.384050000000002
  },
  "acceptance": {
    "samples": 12,
    "p50_ms": 1.3674780000001192,
    "p95_ms": 3.149532000000022,
    "min_ms": 1.1041359999999258,
    "max_ms": 3.149532000000022
  },
  "candidate": {
    "samples": 12,
    "p50_ms": 761.0584600000002,
    "p95_ms": 821.3351439999988,
    "min_ms": 700.409462,
    "max_ms": 821.3351439999988
  },
  "preview": {
    "samples": 5,
    "p50_ms": 760.4609849999997,
    "p95_ms": 822.7404730000007,
    "min_ms": 730.8696439999999,
    "max_ms": 822.7404730000007
  },
  "assembly_ms": 1035.7940120000003,
  "organic_ms": 2427.811818000002
}
