
> mathforge-3d@0.1.0 typecheck
> tsc --noEmit

